$ struktura loop --ledger @FIX@/ledger.jsonl --req @FIX@/req.csv --model m1 --json
{"est_min":null,"est_n":0,"est_p90_min":null,"est_source":"none","event":"agenda","kind":"remeasure","knob":"","observed_effect_pct":null,"pred":"lab-206.tsv::ttd-short-faster","rank":1,"samples":1,"score":1.832,"value":"","why":"fail by +0.29% inside the 1.73% single-run band: a re-run could flip it"}
{"est_min":null,"est_n":0,"est_p90_min":null,"est_source":"none","event":"agenda","kind":"remeasure","knob":"","observed_effect_pct":null,"pred":"lab-202.tsv::gqa2-5pct-at-64K","rank":2,"samples":1,"score":1.571,"value":"","why":"pass by +0.74% inside the 1.73% single-run band: a re-run could flip it"}
{"est_min":null,"est_n":0,"est_p90_min":null,"est_source":"none","event":"agenda","kind":"remeasure","knob":"","observed_effect_pct":null,"pred":"lab-201.tsv::noise-fresh-repeat","rank":3,"samples":1,"score":1.444,"value":"","why":"pass by +0.96% inside the 1.73% single-run band: a re-run could flip it"}
{"est_min":15.000,"est_n":4,"est_p90_min":15.000,"est_source":"all","event":"agenda","kind":"challenger","knob":"b","observed_effect_pct":null,"pred":"","rank":4,"samples":0,"score":0.524,"value":"1024","why":"never measured on d100000; brain: yield 0.55"}
{"est_min":15.000,"est_n":4,"est_p90_min":15.000,"est_source":"all","event":"agenda","kind":"challenger","knob":"b","observed_effect_pct":null,"pred":"","rank":5,"samples":0,"score":0.524,"value":"4096","why":"never measured on d100000; brain: yield 0.55"}
{"est_min":15.000,"est_n":4,"est_p90_min":15.000,"est_source":"all","event":"agenda","kind":"challenger","knob":"b","observed_effect_pct":null,"pred":"","rank":6,"samples":0,"score":0.524,"value":"512","why":"never measured on d100000; brain: yield 0.55"}
{"est_min":15.000,"est_n":4,"est_p90_min":15.000,"est_source":"metric","event":"agenda","kind":"challenger","knob":"draftmin","observed_effect_pct":null,"pred":"","rank":7,"samples":0,"score":0.524,"value":"1","why":"never measured on code_tps; brain: yield 0.55"}
{"est_min":15.000,"est_n":4,"est_p90_min":15.000,"est_source":"metric","event":"agenda","kind":"challenger","knob":"draftmin","observed_effect_pct":null,"pred":"","rank":8,"samples":0,"score":0.524,"value":"2","why":"never measured on code_tps; brain: yield 0.55"}
{"est_min":15.000,"est_n":4,"est_p90_min":15.000,"est_source":"metric","event":"agenda","kind":"challenger","knob":"draftmin","observed_effect_pct":null,"pred":"","rank":9,"samples":0,"score":0.524,"value":"3","why":"never measured on code_tps; brain: yield 0.55"}
{"est_min":15.000,"est_n":4,"est_p90_min":15.000,"est_source":"all","event":"agenda","kind":"challenger","knob":"ub","observed_effect_pct":null,"pred":"","rank":10,"samples":0,"score":0.524,"value":"128","why":"never measured on d100000; brain: yield 0.55"}
{"est_min":15.000,"est_n":4,"est_p90_min":15.000,"est_source":"knob","event":"agenda","kind":"settled","knob":"draft","observed_effect_pct":null,"pred":"","rank":11,"samples":0,"score":0.050,"value":"3","why":"a prediction naming it was FALSIFIED; not re-proposed"}
{"est_min":15.000,"est_n":4,"est_p90_min":15.000,"est_source":"knob","event":"agenda","kind":"settled","knob":"draft","observed_effect_pct":null,"pred":"","rank":12,"samples":0,"score":0.050,"value":"4","why":"knob decided: draft=5 is a PROVEN ship candidate; this value re-opens against the new current after it ships"}
{"abstained":false,"challenger":"b=1024","cites":["lab-211.tsv::draft9-beats-draft7-code_tps (decisive)","lab-202.tsv::gqa2-5pct-at-64K (fragile/void)","lab-206.tsv::ttd-short-faster (fragile/void)"],"event":"brain","evidence":18.177,"forecast":"66448b64e64e166d","ledger_rows":41,"metric":"d100000","yield":0.547}
{"abstained":false,"challenger":"b=4096","cites":["lab-211.tsv::draft9-beats-draft7-code_tps (decisive)","lab-202.tsv::gqa2-5pct-at-64K (fragile/void)","lab-206.tsv::ttd-short-faster (fragile/void)"],"event":"brain","evidence":18.177,"forecast":"8381033e63a93199","ledger_rows":41,"metric":"d100000","yield":0.547}
{"abstained":false,"challenger":"b=512","cites":["lab-211.tsv::draft9-beats-draft7-code_tps (decisive)","lab-202.tsv::gqa2-5pct-at-64K (fragile/void)","lab-206.tsv::ttd-short-faster (fragile/void)"],"event":"brain","evidence":18.177,"forecast":"59b15e4e707fa838","ledger_rows":41,"metric":"d100000","yield":0.547}
{"abstained":false,"challenger":"draftmin=1","cites":["lab-211.tsv::draft9-beats-draft7-code_tps (decisive)","lab-202.tsv::gqa2-5pct-at-64K (fragile/void)","lab-206.tsv::ttd-short-faster (fragile/void)"],"event":"brain","evidence":18.177,"forecast":"a089bbc81e84a0ba","ledger_rows":41,"metric":"code_tps","yield":0.547}
{"abstained":false,"challenger":"draftmin=2","cites":["lab-211.tsv::draft9-beats-draft7-code_tps (decisive)","lab-202.tsv::gqa2-5pct-at-64K (fragile/void)","lab-206.tsv::ttd-short-faster (fragile/void)"],"event":"brain","evidence":18.177,"forecast":"1dfdd83ed6c612c3","ledger_rows":41,"metric":"code_tps","yield":0.547}
{"abstained":false,"challenger":"draftmin=3","cites":["lab-211.tsv::draft9-beats-draft7-code_tps (decisive)","lab-202.tsv::gqa2-5pct-at-64K (fragile/void)","lab-206.tsv::ttd-short-faster (fragile/void)"],"event":"brain","evidence":18.177,"forecast":"8caa374b126a5f2c","ledger_rows":41,"metric":"code_tps","yield":0.547}
{"abstained":false,"challenger":"ub=128","cites":["lab-211.tsv::draft9-beats-draft7-code_tps (decisive)","lab-202.tsv::gqa2-5pct-at-64K (fragile/void)","lab-206.tsv::ttd-short-faster (fragile/void)"],"event":"brain","evidence":18.177,"forecast":"f59b832cda12f236","ledger_rows":41,"metric":"d100000","yield":0.547}
{"event":"design","manifest":{"band_pct":1.726,"calibration":1.091,"challenger":"1024","cv_pct":0.623,"effect_source":"prior 3.0% x calibration min(1, 1.09)","est_min":10,"incumbent":"2048","job":"lab-300-b1024","knob":"b","lower_is_better":false,"metric":"d100000","predicted_effect_pct":3.000,"runs_per_arm":2,"threshold_pct":1.726,"why":"never measured on d100000; brain: yield 0.55"}}
{"event":"gate","state":"closed","why":"solo 1700000000 -> 1700040000: +8.1 [+7.4, +8.6] SLOWER"}
{"agenda":24,"band_pct":1.726,"calibration":1.091,"calibration_n":6,"cv_pct":0.623,"easy":1,"fragile":3,"id":"fb0097e8e9a4485f","recalled":false,"summary":true,"written":0}
--- exit 0
